[[{"name" "redis.command"
   "service" "env-redis"
   "resource" "GET cheese"
   "type" "redis"
   "error" 0
   "span_id" 0
   "trace_id" 0
   "parent_id" nil
   "start" 1596062189185636000
   "duration" 2615000
   "meta" {"runtime-id" "5b043ff215454b3685a99fa16242038e"
           "redis.raw_command" "GET cheese"
           "out.host" "localhost"}
   "metrics" {"_dd.agent_psr" 1.0
              "_dd.measured" 1
              "_sampling_priority_v1" 1
              "system.pid" 76424
              "out.port" 6379
              "out.redis_db" 0
              "redis.args_length" 2}}]]
