[[{"name" "redis.command"
   "service" "myredis"
   "resource" "GET cheese"
   "type" "redis"
   "error" 0
   "span_id" 0
   "trace_id" 0
   "parent_id" nil
   "start" 1596062188510557000
   "duration" 3028000
   "meta" {"runtime-id" "261677c51ca04356a3ef7bbd65295b8b"
           "redis.raw_command" "GET cheese"
           "out.host" "localhost"}
   "metrics" {"_dd.agent_psr" 1.0
              "_dd.measured" 1
              "_sampling_priority_v1" 1
              "system.pid" 76423
              "out.port" 6379
              "out.redis_db" 0
              "redis.args_length" 2}}]
 [{"name" "redis.command"
   "service" "cfg-redis"
   "resource" "GET cheese"
   "type" "redis"
   "error" 0
   "span_id" 0
   "trace_id" 1
   "parent_id" nil
   "start" 1596062188513861000
   "duration" 979000
   "meta" {"runtime-id" "261677c51ca04356a3ef7bbd65295b8b"
           "redis.raw_command" "GET cheese"
           "out.host" "localhost"}
   "metrics" {"_dd.agent_psr" 1.0
              "_dd.measured" 1
              "_sampling_priority_v1" 1
              "system.pid" 76423
              "out.port" 6379
              "out.redis_db" 0
              "redis.args_length" 2}}]]
