[[{"name" "elasticsearch.query"
   "service" "elasticsearch"
   "resource" "PUT /ddtrace_index"
   "type" "elasticsearch"
   "error" 0
   "span_id" 0
   "trace_id" 0
   "parent_id" nil
   "start" 1615404365434553000
   "duration" 32898000
   "meta" {"runtime-id" "0a66135faff745d78feb7c40c4f70869"
           "elasticsearch.method" "PUT"
           "elasticsearch.url" "/ddtrace_index"
           "elasticsearch.params" "ignore=400"}
   "metrics" {"_dd.agent_psr" 1.0
              "_dd.measured" 1
              "_sampling_priority_v1" 1
              "system.pid" 51995
              "_dd.tracer_kr" 1.0}}]
 [{"name" "elasticsearch.query"
   "service" "elasticsearch"
   "resource" "DELETE /ddtrace_index"
   "type" "elasticsearch"
   "error" 0
   "span_id" 0
   "trace_id" 1
   "parent_id" nil
   "start" 1615404365467709000
   "duration" 27295000
   "meta" {"runtime-id" "0a66135faff745d78feb7c40c4f70869"
           "elasticsearch.method" "DELETE"
           "elasticsearch.url" "/ddtrace_index"
           "elasticsearch.params" "ignore=%5B400%2C+404%5D"}
   "metrics" {"_dd.agent_psr" 1.0
              "_dd.measured" 1
              "_sampling_priority_v1" 1
              "system.pid" 51995
              "_dd.tracer_kr" 1.0}}]]
