[[{"name" "mariadb.query"
   "service" "mariadb"
   "resource" "SELECT 1"
   "type" "sql"
   "error" 0
   "span_id" 0
   "trace_id" 0
   "parent_id" nil
   "start" 1626718453593771000
   "duration" 1124000
   "meta" {"runtime-id" "0cbfb96da3ee4e86be3cf3b8a4004f86"
           "out.host" "127.0.0.1"
           "db.user" "test"
           "db.name" "test"}
   "metrics" {"_dd.agent_psr" 1.0
              "_dd.measured" 1
              "_dd1.sr.eausr" 1.0
              "_sampling_priority_v1" 1
              "system.pid" 1502
              "_dd.tracer_kr" 1.0
              "sql.rows" 0
              "db.rowcount" 0
              "out.port" 3306}}]]
