[[{"name" "django.request"
   "service" "django"
   "resource" "GET ^$"
   "type" "web"
   "error" 0
   "span_id" 0
   "trace_id" 0
   "parent_id" nil
   "start" 1628305913986026822
   "duration" 6168995
   "meta" {"runtime-id" "6cb9a1572abc45eea6f6f1c5c2cb749b"
           "http.route" "^$"
           "http.url" "http://localhost:8000/"
           "django.user.is_authenticated" "False"
           "http.status_code" "200"
           "http.method" "GET"
           "http.version" "1.1"
           "django.response.class" "django.http.response.HttpResponse"
           "django.request.class" "django.core.handlers.asgi.ASGIRequest"
           "django.view" "tests.contrib.django.views.index"
           "asgi.version" "3.0"}
   "metrics" {"_dd.agent_psr" 1.0
              "_dd.measured" 1
              "_sampling_priority_v1" 1
              "system.pid" 560
              "_dd.tracer_kr" 1.0}}
      {"name" "django.middleware"
       "service" "django"
       "resource" "django.contrib.sessions.middleware.SessionMiddleware.__call__"
       "error" 0
       "span_id" 1
       "trace_id" 0
       "parent_id" 0
       "start" 1628305913986769436
       "duration" 3109724}
          {"name" "django.middleware"
           "service" "django"
           "resource" "django.contrib.sessions.middleware.SessionMiddleware.process_request"
           "error" 0
           "span_id" 2
           "trace_id" 0
           "parent_id" 1
           "start" 1628305913986797995
           "duration" 48155}
          {"name" "django.middleware"
           "service" "django"
           "resource" "django.middleware.common.CommonMiddleware.__call__"
           "error" 0
           "span_id" 3
           "trace_id" 0
           "parent_id" 1
           "start" 1628305913986868073
           "duration" 2960689}
              {"name" "django.middleware"
               "service" "django"
               "resource" "django.middleware.common.CommonMiddleware.process_request"
               "error" 0
               "span_id" 5
               "trace_id" 0
               "parent_id" 3
               "start" 1628305913986890210
               "duration" 38152}
              {"name" "django.middleware"
               "service" "django"
               "resource" "django.middleware.csrf.CsrfViewMiddleware.__call__"
               "error" 0
               "span_id" 6
               "trace_id" 0
               "parent_id" 3
               "start" 1628305913986992983
               "duration" 2743409}
                  {"name" "django.middleware"
                   "service" "django"
                   "resource" "django.middleware.csrf.CsrfViewMiddleware.process_request"
                   "error" 0
                   "span_id" 8
                   "trace_id" 0
                   "parent_id" 6
                   "start" 1628305913987017660
                   "duration" 11354}
                  {"name" "django.middleware"
                   "service" "django"
                   "resource" "django.contrib.auth.middleware.AuthenticationMiddleware.__call__"
                   "error" 0
                   "span_id" 9
                   "trace_id" 0
                   "parent_id" 6
                   "start" 1628305913987046976
                   "duration" 2654563}
                      {"name" "django.middleware"
                       "service" "django"
                       "resource" "django.contrib.auth.middleware.AuthenticationMiddleware.process_request"
                       "error" 0
                       "span_id" 11
                       "trace_id" 0
                       "parent_id" 9
                       "start" 1628305913987143004
                       "duration" 16685}
                      {"name" "django.middleware"
                       "service" "django"
                       "resource" "django.contrib.messages.middleware.MessageMiddleware.__call__"
                       "error" 0
                       "span_id" 12
                       "trace_id" 0
                       "parent_id" 9
                       "start" 1628305913987178853
                       "duration" 2514941}
                          {"name" "django.middleware"
                           "service" "django"
                           "resource" "django.contrib.messages.middleware.MessageMiddleware.process_request"
                           "error" 0
                           "span_id" 13
                           "trace_id" 0
                           "parent_id" 12
                           "start" 1628305913987199658
                           "duration" 108460}
                          {"name" "django.middleware"
                           "service" "django"
                           "resource" "django.middleware.clickjacking.XFrameOptionsMiddleware.__call__"
                           "error" 0
                           "span_id" 14
                           "trace_id" 0
                           "parent_id" 12
                           "start" 1628305913987328471
                           "duration" 2327559}
                              {"name" "django.middleware"
                               "service" "django"
                               "resource" "django.middleware.security.SecurityMiddleware.__call__"
                               "error" 0
                               "span_id" 16
                               "trace_id" 0
                               "parent_id" 14
                               "start" 1628305913987393625
                               "duration" 2173857}
                                  {"name" "django.middleware"
                                   "service" "django"
                                   "resource" "django.middleware.security.SecurityMiddleware.process_request"
                                   "error" 0
                                   "span_id" 18
                                   "trace_id" 0
                                   "parent_id" 16
                                   "start" 1628305913987416560
                                   "duration" 10178}
                                  {"name" "django.middleware"
                                   "service" "django"
                                   "resource" "tests.contrib.django.middleware.ClsMiddleware.__call__"
                                   "error" 0
                                   "span_id" 19
                                   "trace_id" 0
                                   "parent_id" 16
                                   "start" 1628305913987443978
                                   "duration" 2065900}
                                      {"name" "django.middleware"
                                       "service" "django"
                                       "resource" "tests.contrib.django.middleware.EverythingMiddleware"
                                       "error" 0
                                       "span_id" 21
                                       "trace_id" 0
                                       "parent_id" 19
                                       "start" 1628305913987491956
                                       "duration" 2009318}
                                          {"name" "django.middleware"
                                           "service" "django"
                                           "resource" "tests.contrib.django.middleware.EverythingMiddleware.__call__"
                                           "error" 0
                                           "span_id" 22
                                           "trace_id" 0
                                           "parent_id" 21
                                           "start" 1628305913987512601
                                           "duration" 1975442}
                                              {"name" "django.middleware"
                                               "service" "django"
                                               "resource" "django.middleware.csrf.CsrfViewMiddleware.process_view"
                                               "error" 0
                                               "span_id" 23
                                               "trace_id" 0
                                               "parent_id" 22
                                               "start" 1628305913988085047
                                               "duration" 67997}
                                              {"name" "django.middleware"
                                               "service" "django"
                                               "resource" "tests.contrib.django.middleware.EverythingMiddleware.process_view"
                                               "error" 0
                                               "span_id" 24
                                               "trace_id" 0
                                               "parent_id" 22
                                               "start" 1628305913988411477
                                               "duration" 14573}
                                              {"name" "django.view"
                                               "service" "django"
                                               "resource" "tests.contrib.django.views.index"
                                               "error" 0
                                               "span_id" 25
                                               "trace_id" 0
                                               "parent_id" 22
                                               "start" 1628305913988982482
                                               "duration" 74335}
                                  {"name" "django.middleware"
                                   "service" "django"
                                   "resource" "django.middleware.security.SecurityMiddleware.process_response"
                                   "error" 0
                                   "span_id" 20
                                   "trace_id" 0
                                   "parent_id" 16
                                   "start" 1628305913989532322
                                   "duration" 26989}
                              {"name" "django.middleware"
                               "service" "django"
                               "resource" "django.middleware.clickjacking.XFrameOptionsMiddleware.process_response"
                               "error" 0
                               "span_id" 17
                               "trace_id" 0
                               "parent_id" 14
                               "start" 1628305913989629467
                               "duration" 18836}
                          {"name" "django.middleware"
                           "service" "django"
                           "resource" "django.contrib.messages.middleware.MessageMiddleware.process_response"
                           "error" 0
                           "span_id" 15
                           "trace_id" 0
                           "parent_id" 12
                           "start" 1628305913989674535
                           "duration" 12103}
                  {"name" "django.middleware"
                   "service" "django"
                   "resource" "django.middleware.csrf.CsrfViewMiddleware.process_response"
                   "error" 0
                   "span_id" 10
                   "trace_id" 0
                   "parent_id" 6
                   "start" 1628305913989718930
                   "duration" 10376}
              {"name" "django.middleware"
               "service" "django"
               "resource" "django.middleware.common.CommonMiddleware.process_response"
               "error" 0
               "span_id" 7
               "trace_id" 0
               "parent_id" 3
               "start" 1628305913989753532
               "duration" 64959}
          {"name" "django.middleware"
           "service" "django"
           "resource" "django.contrib.sessions.middleware.SessionMiddleware.process_response"
           "error" 0
           "span_id" 4
           "trace_id" 0
           "parent_id" 1
           "start" 1628305913989849790
           "duration" 21427}]]
