[[{"name" "rq.queue.enqueue_job"
   "service" "rq"
   "resource" "tests.contrib.rq.jobs.job_add1"
   "type" "worker"
   "error" 0
   "span_id" 0
   "trace_id" 0
   "parent_id" nil
   "start" 1630333148448191700
   "duration" 4758100
   "meta" {"runtime-id" "db58ccbfef044eeab2b2670b8b124068"
           "queue.name" "q"
           "job.id" "8ecd683e-ad34-44f3-bb24-bb5b1cd60475"
           "job.func_name" "tests.contrib.rq.jobs.job_add1"}
   "metrics" {"_dd.agent_psr" 1.0
              "_sampling_priority_v1" 1
              "system.pid" 462
              "_dd.tracer_kr" 1.0}}
      {"name" "rq.worker.perform_job"
       "service" "rq-worker"
       "resource" "tests.contrib.rq.jobs.job_add1"
       "type" "worker"
       "error" 0
       "span_id" 1
       "trace_id" 0
       "parent_id" 0
       "start" 1630333148477384300
       "duration" 6117700
       "meta" {"runtime-id" "db58ccbfef044eeab2b2670b8b124068"
               "job.id" "8ecd683e-ad34-44f3-bb24-bb5b1cd60475"
               "job.status" "finished"
               "job.origin" "q"}
       "metrics" {"_sampling_priority_v1" 1
                  "system.pid" 462
                  "_dd.tracer_kr" 1.0}}
          {"name" "rq.job.perform"
           "service" "rq-worker"
           "resource" "tests.contrib.rq.jobs.job_add1"
           "error" 0
           "span_id" 2
           "trace_id" 0
           "parent_id" 1
           "start" 1630333148478759900
           "duration" 585100
           "meta" {"job.id" "8ecd683e-ad34-44f3-bb24-bb5b1cd60475"}}]]
