[[{"name" "rq.queue.enqueue_job"
   "service" "rq"
   "resource" "tests.contrib.rq.jobs.job_add1"
   "type" "worker"
   "error" 0
   "span_id" 0
   "trace_id" 0
   "parent_id" nil
   "start" 1630333148705299400
   "duration" 7544600
   "meta" {"runtime-id" "db58ccbfef044eeab2b2670b8b124068"
           "queue.name" "q"
           "job.id" "db432bb1-6acd-494d-a01f-b3ce14c2c2fb"
           "job.func_name" "tests.contrib.rq.jobs.job_add1"}
   "metrics" {"_dd.agent_psr" 1.0
              "_sampling_priority_v1" 1
              "system.pid" 462
              "_dd.tracer_kr" 1.0}}
      {"name" "rq.worker.perform_job"
       "service" "my-worker-svc"
       "resource" "tests.contrib.rq.jobs.job_add1"
       "type" "worker"
       "error" 0
       "span_id" 1
       "trace_id" 0
       "parent_id" 0
       "start" 1630333148723234900
       "duration" 7035700
       "meta" {"runtime-id" "db58ccbfef044eeab2b2670b8b124068"
               "job.id" "db432bb1-6acd-494d-a01f-b3ce14c2c2fb"
               "job.status" "finished"
               "job.origin" "q"}
       "metrics" {"_sampling_priority_v1" 1
                  "system.pid" 462
                  "_dd.tracer_kr" 1.0}}
          {"name" "rq.job.perform"
           "service" "my-worker-svc"
           "resource" "tests.contrib.rq.jobs.job_add1"
           "error" 0
           "span_id" 2
           "trace_id" 0
           "parent_id" 1
           "start" 1630333148725016000
           "duration" 1024100
           "meta" {"job.id" "db432bb1-6acd-494d-a01f-b3ce14c2c2fb"}}]]
