[[{"name" "rq.queue.enqueue_job"
   "service" "rq"
   "resource" "tests.contrib.rq.jobs.job_add1"
   "type" "worker"
   "error" 0
   "span_id" 0
   "trace_id" 0
   "parent_id" nil
   "start" 1631053637662518300
   "duration" 2733000
   "meta" {"runtime-id" "b1fd435dff564be79ebf4876f19e3401"
           "queue.name" "q"
           "job.id" "a15302ae-5332-4986-accf-4e5b8cb766fb"
           "job.func_name" "tests.contrib.rq.jobs.job_add1"}
   "metrics" {"_dd.agent_psr" 1.0
              "_sampling_priority_v1" 1
              "system.pid" 2666
              "_dd.tracer_kr" 1.0}}]
 [{"name" "rq.worker.perform_job"
   "service" "rq-worker"
   "resource" "tests.contrib.rq.jobs.job_add1"
   "type" "worker"
   "error" 0
   "span_id" 0
   "trace_id" 1
   "parent_id" nil
   "start" 1631053640905464600
   "duration" 21301700
   "meta" {"runtime-id" "03a7167e3899435fa18ab9f018314093"
           "job.id" "a15302ae-5332-4986-accf-4e5b8cb766fb"
           "job.status" "finished"
           "job.origin" "q"}
   "metrics" {"_dd.agent_psr" 1.0
              "_sampling_priority_v1" 1
              "system.pid" 2679
              "_dd.tracer_kr" 1.0}}
      {"name" "rq.job.perform"
       "service" "rq-worker"
       "resource" "tests.contrib.rq.jobs.job_add1"
       "error" 0
       "span_id" 1
       "trace_id" 1
       "parent_id" 0
       "start" 1631053640908800000
       "duration" 13139700
       "meta" {"job.id" "a15302ae-5332-4986-accf-4e5b8cb766fb"}}]]
