[[{"name" "django.request"
   "service" "django"
   "resource" "GET include/test/"
   "type" "http"
   "error" 0
   "span_id" 0
   "trace_id" 0
   "parent_id" nil
   "start" 1603310938269184700
   "duration" 3968800
   "meta" {"runtime-id" "ec22d7b6e5a84d9f9b8a44fb96bef06a"
           "http.route" "include/test/"
           "http.url" "http://testserver/include/test/"
           "django.user.is_authenticated" "False"
           "http.status_code" "200"
           "http.method" "GET"
           "django.response.class" "django.http.response.HttpResponse"
           "django.request.class" "django.core.handlers.wsgi.WSGIRequest"
           "django.view" "tests.contrib.django.django_app.extra_urls.include_view"}
   "metrics" {"_dd.agent_psr" 1.0
              "_sampling_priority_v1" 1
              "system.pid" 9568}}
      {"name" "django.middleware"
       "service" "django"
       "resource" "django.contrib.sessions.middleware.SessionMiddleware.__call__"
       "error" 0
       "span_id" 1
       "trace_id" 0
       "parent_id" 0
       "start" 1603310938269371500
       "duration" 3638600}
          {"name" "django.middleware"
           "service" "django"
           "resource" "django.contrib.sessions.middleware.SessionMiddleware.process_request"
           "error" 0
           "span_id" 2
           "trace_id" 0
           "parent_id" 1
           "start" 1603310938269420700
           "duration" 95700}
          {"name" "django.middleware"
           "service" "django"
           "resource" "django.middleware.common.CommonMiddleware.__call__"
           "error" 0
           "span_id" 3
           "trace_id" 0
           "parent_id" 1
           "start" 1603310938269549900
           "duration" 3397100}
              {"name" "django.middleware"
               "service" "django"
               "resource" "django.middleware.common.CommonMiddleware.process_request"
               "error" 0
               "span_id" 5
               "trace_id" 0
               "parent_id" 3
               "start" 1603310938269602700
               "duration" 64600}
              {"name" "django.middleware"
               "service" "django"
               "resource" "django.middleware.csrf.CsrfViewMiddleware.__call__"
               "error" 0
               "span_id" 6
               "trace_id" 0
               "parent_id" 3
               "start" 1603310938269695900
               "duration" 3188800}
                  {"name" "django.middleware"
                   "service" "django"
                   "resource" "django.middleware.csrf.CsrfViewMiddleware.process_request"
                   "error" 0
                   "span_id" 8
                   "trace_id" 0
                   "parent_id" 6
                   "start" 1603310938269724500
                   "duration" 18000}
                  {"name" "django.middleware"
                   "service" "django"
                   "resource" "django.contrib.auth.middleware.AuthenticationMiddleware.__call__"
                   "error" 0
                   "span_id" 9
                   "trace_id" 0
                   "parent_id" 6
                   "start" 1603310938269768300
                   "duration" 3061300}
                      {"name" "django.middleware"
                       "service" "django"
                       "resource" "django.contrib.auth.middleware.AuthenticationMiddleware.process_request"
                       "error" 0
                       "span_id" 11
                       "trace_id" 0
                       "parent_id" 9
                       "start" 1603310938269794200
                       "duration" 20700}
                      {"name" "django.middleware"
                       "service" "django"
                       "resource" "django.contrib.messages.middleware.MessageMiddleware.__call__"
                       "error" 0
                       "span_id" 12
                       "trace_id" 0
                       "parent_id" 9
                       "start" 1603310938269840900
                       "duration" 2974600}
                          {"name" "django.middleware"
                           "service" "django"
                           "resource" "django.contrib.messages.middleware.MessageMiddleware.process_request"
                           "error" 0
                           "span_id" 13
                           "trace_id" 0
                           "parent_id" 12
                           "start" 1603310938269863600
                           "duration" 57200}
                          {"name" "django.middleware"
                           "service" "django"
                           "resource" "django.middleware.clickjacking.XFrameOptionsMiddleware.__call__"
                           "error" 0
                           "span_id" 14
                           "trace_id" 0
                           "parent_id" 12
                           "start" 1603310938269950600
                           "duration" 2807200}
                              {"name" "django.middleware"
                               "service" "django"
                               "resource" "django.middleware.security.SecurityMiddleware.__call__"
                               "error" 0
                               "span_id" 16
                               "trace_id" 0
                               "parent_id" 14
                               "start" 1603310938269975800
                               "duration" 2718700}
                                  {"name" "django.middleware"
                                   "service" "django"
                                   "resource" "django.middleware.security.SecurityMiddleware.process_request"
                                   "error" 0
                                   "span_id" 18
                                   "trace_id" 0
                                   "parent_id" 16
                                   "start" 1603310938269996200
                                   "duration" 11800}
                                  {"name" "django.middleware"
                                   "service" "django"
                                   "resource" "tests.contrib.django.middleware.ClsMiddleware.__call__"
                                   "error" 0
                                   "span_id" 19
                                   "trace_id" 0
                                   "parent_id" 16
                                   "start" 1603310938270028900
                                   "duration" 2586000}
                                      {"name" "django.middleware"
                                       "service" "django"
                                       "resource" "tests.contrib.django.middleware.EverythingMiddleware"
                                       "error" 0
                                       "span_id" 21
                                       "trace_id" 0
                                       "parent_id" 19
                                       "start" 1603310938270051000
                                       "duration" 2550500}
                                          {"name" "django.middleware"
                                           "service" "django"
                                           "resource" "tests.contrib.django.middleware.EverythingMiddleware.__call__"
                                           "error" 0
                                           "span_id" 22
                                           "trace_id" 0
                                           "parent_id" 21
                                           "start" 1603310938270080100
                                           "duration" 2506700}
                                              {"name" "django.middleware"
                                               "service" "django"
                                               "resource" "django.middleware.csrf.CsrfViewMiddleware.process_view"
                                               "error" 0
                                               "span_id" 23
                                               "trace_id" 0
                                               "parent_id" 22
                                               "start" 1603310938270224000
                                               "duration" 14000}
                                              {"name" "django.middleware"
                                               "service" "django"
                                               "resource" "tests.contrib.django.middleware.EverythingMiddleware.process_view"
                                               "error" 0
                                               "span_id" 24
                                               "trace_id" 0
                                               "parent_id" 22
                                               "start" 1603310938270258700
                                               "duration" 14300}
                                              {"name" "django.view"
                                               "service" "django"
                                               "resource" "tests.contrib.django.django_app.extra_urls.include_view"
                                               "error" 0
                                               "span_id" 25
                                               "trace_id" 0
                                               "parent_id" 22
                                               "start" 1603310938270314700
                                               "duration" 2245300}
                                  {"name" "django.middleware"
                                   "service" "django"
                                   "resource" "django.middleware.security.SecurityMiddleware.process_response"
                                   "error" 0
                                   "span_id" 20
                                   "trace_id" 0
                                   "parent_id" 16
                                   "start" 1603310938272660000
                                   "duration" 21200}
                              {"name" "django.middleware"
                               "service" "django"
                               "resource" "django.middleware.clickjacking.XFrameOptionsMiddleware.process_response"
                               "error" 0
                               "span_id" 17
                               "trace_id" 0
                               "parent_id" 14
                               "start" 1603310938272722200
                               "duration" 22000}
                          {"name" "django.middleware"
                           "service" "django"
                           "resource" "django.contrib.messages.middleware.MessageMiddleware.process_response"
                           "error" 0
                           "span_id" 15
                           "trace_id" 0
                           "parent_id" 12
                           "start" 1603310938272785000
                           "duration" 17100}
                  {"name" "django.middleware"
                   "service" "django"
                   "resource" "django.middleware.csrf.CsrfViewMiddleware.process_response"
                   "error" 0
                   "span_id" 10
                   "trace_id" 0
                   "parent_id" 6
                   "start" 1603310938272855500
                   "duration" 15900}
              {"name" "django.middleware"
               "service" "django"
               "resource" "django.middleware.common.CommonMiddleware.process_response"
               "error" 0
               "span_id" 7
               "trace_id" 0
               "parent_id" 3
               "start" 1603310938272910000
               "duration" 23600}
          {"name" "django.middleware"
           "service" "django"
           "resource" "django.contrib.sessions.middleware.SessionMiddleware.process_response"
           "error" 0
           "span_id" 4
           "trace_id" 0
           "parent_id" 1
           "start" 1603310938272973700
           "duration" 23100}]]
