[[{"name" "http.request"
   "service" "test-httpx-service-name"
   "resource" "http.request"
   "type" "http"
   "error" 0
   "span_id" 0
   "trace_id" 0
   "parent_id" nil
   "start" 1620856200902706000
   "duration" 6542000
   "meta" {"runtime-id" "03c9b32fb3ca4932a59d527e479a69f9"
           "http.method" "GET"
           "http.url" "http://localhost:8001/status/200"
           "http.status_code" "200"}
   "metrics" {"_dd.agent_psr" 1.0
              "_dd.measured" 1
              "_sampling_priority_v1" 1
              "system.pid" 68931
              "_dd.tracer_kr" 1.0}}]]
