[[{"name" "django.request"
   "service" "django"
   "resource" "GET tests.contrib.django.views.FeedView"
   "type" "web"
   "error" 0
   "span_id" 0
   "trace_id" 0
   "parent_id" nil
   "start" 1612560766293833000
   "duration" 3966000
   "meta" {"runtime-id" "93145384bb364e9c90d9a9309fc26349"
           "django.view" "feed-view"
           "http.method" "GET"
           "django.response.class" "django.http.response.HttpResponse"
           "http.url" "http://testserver/feed-view/"
           "django.request.class" "django.core.handlers.wsgi.WSGIRequest"
           "http.status_code" "200"
           "django.user.is_authenticated" "False"}
   "metrics" {"_dd.agent_psr" 1.0
              "_dd.measured" 1
              "_sampling_priority_v1" 1
              "_dd.tracer_kr" 1.0
              "system.pid" 96813}}
      {"name" "django.middleware"
       "service" "django"
       "resource" "django.contrib.sessions.middleware.SessionMiddleware.process_request"
       "error" 0
       "span_id" 1
       "trace_id" 0
       "parent_id" 0
       "start" 1612560766294087000
       "duration" 109000}
      {"name" "django.middleware"
       "service" "django"
       "resource" "django.middleware.common.CommonMiddleware.process_request"
       "error" 0
       "span_id" 2
       "trace_id" 0
       "parent_id" 0
       "start" 1612560766294245000
       "duration" 86000}
      {"name" "django.middleware"
       "service" "django"
       "resource" "django.middleware.csrf.CsrfViewMiddleware.process_request"
       "error" 0
       "span_id" 3
       "trace_id" 0
       "parent_id" 0
       "start" 1612560766294362000
       "duration" 23000}
      {"name" "django.middleware"
       "service" "django"
       "resource" "django.contrib.auth.middleware.AuthenticationMiddleware.process_request"
       "error" 0
       "span_id" 4
       "trace_id" 0
       "parent_id" 0
       "start" 1612560766294410000
       "duration" 25000}
      {"name" "django.middleware"
       "service" "django"
       "resource" "django.contrib.auth.middleware.SessionAuthenticationMiddleware.process_request"
       "error" 0
       "span_id" 5
       "trace_id" 0
       "parent_id" 0
       "start" 1612560766294459000
       "duration" 10000}
      {"name" "django.middleware"
       "service" "django"
       "resource" "django.contrib.messages.middleware.MessageMiddleware.process_request"
       "error" 0
       "span_id" 6
       "trace_id" 0
       "parent_id" 0
       "start" 1612560766294491000
       "duration" 53000}
      {"name" "django.middleware"
       "service" "django"
       "resource" "django.middleware.security.SecurityMiddleware.process_request"
       "error" 0
       "span_id" 7
       "trace_id" 0
       "parent_id" 0
       "start" 1612560766294567000
       "duration" 15000}
      {"name" "django.middleware"
       "service" "django"
       "resource" "django.middleware.csrf.CsrfViewMiddleware.process_view"
       "error" 0
       "span_id" 8
       "trace_id" 0
       "parent_id" 0
       "start" 1612560766294681000
       "duration" 24000}
      {"name" "django.view"
       "service" "django"
       "resource" "tests.contrib.django.views.FeedView"
       "error" 0
       "span_id" 9
       "trace_id" 0
       "parent_id" 0
       "start" 1612560766294751000
       "duration" 2480000}
      {"name" "django.middleware"
       "service" "django"
       "resource" "django.middleware.security.SecurityMiddleware.process_response"
       "error" 0
       "span_id" 10
       "trace_id" 0
       "parent_id" 0
       "start" 1612560766297273000
       "duration" 18000}
      {"name" "django.middleware"
       "service" "django"
       "resource" "django.middleware.clickjacking.XFrameOptionsMiddleware.process_response"
       "error" 0
       "span_id" 11
       "trace_id" 0
       "parent_id" 0
       "start" 1612560766297317000
       "duration" 30000}
      {"name" "django.middleware"
       "service" "django"
       "resource" "django.contrib.messages.middleware.MessageMiddleware.process_response"
       "error" 0
       "span_id" 12
       "trace_id" 0
       "parent_id" 0
       "start" 1612560766297372000
       "duration" 17000}
      {"name" "django.middleware"
       "service" "django"
       "resource" "django.middleware.csrf.CsrfViewMiddleware.process_response"
       "error" 0
       "span_id" 13
       "trace_id" 0
       "parent_id" 0
       "start" 1612560766297411000
       "duration" 14000}
      {"name" "django.middleware"
       "service" "django"
       "resource" "django.middleware.common.CommonMiddleware.process_response"
       "error" 0
       "span_id" 14
       "trace_id" 0
       "parent_id" 0
       "start" 1612560766297446000
       "duration" 27000}
      {"name" "django.middleware"
       "service" "django"
       "resource" "django.contrib.sessions.middleware.SessionMiddleware.process_response"
       "error" 0
       "span_id" 15
       "trace_id" 0
       "parent_id" 0
       "start" 1612560766297497000
       "duration" 23000}]]
