[[{"name" "redis.command"
   "service" "redis"
   "resource" "GET cheese"
   "type" "redis"
   "error" 0
   "span_id" 0
   "trace_id" 0
   "parent_id" nil
   "start" 1596062189619805000
   "duration" 2395000
   "meta" {"runtime-id" "aa72b38bf1554ce49a747687494a4751"
           "redis.raw_command" "GET cheese"
           "out.host" "localhost"}
   "metrics" {"_dd.agent_psr" 1.0
              "_dd.measured" 1
              "_sampling_priority_v1" 1
              "system.pid" 76425
              "out.port" 6379
              "out.redis_db" 0
              "redis.args_length" 2}}]]
