([{"resource" "GET cheese",
   "error" 0,
   "span_id" 2855024415769770467,
   "name" "redis.command",
   "trace_id" 2449342697131862281,
   "start" 1593201750971937000,
   "duration" 2737000,
   "type" "redis",
   "meta"
   {"runtime-id" "772284f9cc4b42f088e39efc1516aef7",
    "redis.raw_command" "GET cheese",
    "out.host" "localhost"},
   "parent_id" nil,
   "service" "redis",
   "metrics"
   {"_dd.agent_psr" 1.0,
    "system.pid" 31952,
    "_dd.measured" 1,
    "out.port" 6379,
    "out.redis_db" 0,
    "redis.args_length" 2,
    "_dd1.sr.eausr" 1.0,
    "_sampling_priority_v1" 1}}]
 [{"resource" "GET cheese",
   "error" 0,
   "span_id" 8025533279956021786,
   "name" "redis.command",
   "trace_id" 5354976292411296497,
   "start" 1593201750984806000,
   "duration" 2297000,
   "type" "redis",
   "meta"
   {"runtime-id" "772284f9cc4b42f088e39efc1516aef7",
    "redis.raw_command" "GET cheese",
    "out.host" "localhost"},
   "parent_id" nil,
   "service" "redis",
   "metrics"
   {"_dd.agent_psr" 1.0,
    "system.pid" 31952,
    "_dd.measured" 1,
    "out.port" 6379,
    "out.redis_db" 0,
    "redis.args_length" 2,
    "_sampling_priority_v1" 1}}])
