[[{"name" "snowflake.query"
   "service" "db"
   "resource" "select a, b from t;"
   "type" "sql"
   "error" 0
   "span_id" 0
   "trace_id" 0
   "parent_id" nil
   "start" 1633548715861747000
   "duration" 4090300
   "meta" {"runtime-id" "d55668de0f204c299502f460c9dbd13d"
           "out.host" "mock-account.snowflakecomputing.com"
           "db.name" "mock-db-name"
           "db.user" "mock-user"
           "db.application" "PythonConnector"
           "db.schema" "mock-schema-name"
           "db.warehouse" "mock-warehouse-name"}
   "metrics" {"_dd.agent_psr" 1.0
              "_dd.measured" 1
              "_sampling_priority_v1" 1
              "system.pid" 5179
              "out.port" 443
              "db.rowcount" 2
              "sql.rows" 2
              "_dd.tracer_kr" 1.0}}]]
