[[{"name" "redis.command"
   "service" "redis"
   "resource" "GET cheese"
   "type" "redis"
   "error" 0
   "span_id" 0
   "trace_id" 0
   "parent_id" nil
   "start" 1632399428628908532
   "duration" 1261781
   "meta" {"runtime-id" "1853cd9b851147c591ceb9f8865f862c"
           "redis.raw_command" "GET cheese"
           "out.host" "localhost"}
   "metrics" {"_dd.agent_psr" 1.0
              "_dd.measured" 1
              "_dd1.sr.eausr" 1.0
              "_sampling_priority_v1" 1
              "system.pid" 733
              "redis.args_length" 2
              "_dd.tracer_kr" 1.0
              "out.redis_db" 0
              "out.port" 6379}}]]
