[[{"name" "uwsgi-app"
   "service" nil
   "resource" "uwsgi-app"
   "error" 0
   "span_id" 0
   "trace_id" 0
   "parent_id" nil
   "start" 1615415504303631000
   "duration" 316000
   "meta" {"runtime-id" "2f6a4f8075fc49b68e59e3473d8f1833"}
   "metrics" {"_dd.agent_psr" 1.0
              "_sampling_priority_v1" 1
              "system.pid" 230
              "_dd.tracer_kr" 1.0}}]]
