[[{"name" "redis.command"
   "service" "redis"
   "resource" "SET a 1"
   "type" "redis"
   "error" 0
   "span_id" 0
   "trace_id" 0
   "parent_id" nil
   "start" 1596062188720270000
   "duration" 2954000
   "meta" {"runtime-id" "601815e8709646a9ac897c59376c80b6"
           "redis.raw_command" "SET a 1"
           "out.host" "localhost"}
   "metrics" {"_dd.agent_psr" 1.0
              "_dd.measured" 1
              "_dd.tracer_kr" 1.0
              "_sampling_priority_v1" 1
              "system.pid" 76411
              "out.port" 6379
              "out.redis_db" 0
              "redis.args_length" 3}}]
 [{"name" "redis.command"
   "service" "redis"
   "resource" "SET a 1"
   "type" "redis"
   "error" 0
   "span_id" 0
   "trace_id" 1
   "parent_id" nil
   "start" 1596062188723313000
   "duration" 818000
   "meta" {"runtime-id" "601815e8709646a9ac897c59376c80b6"
           "redis.raw_command" "SET a 1"
           "out.host" "localhost"}
   "metrics" {"_dd.agent_psr" 1.0
              "_dd.measured" 1
              "_dd.tracer_kr" 1.0
              "_sampling_priority_v1" 1
              "system.pid" 76411
              "out.port" 6379
              "out.redis_db" 0
              "redis.pipeline_length" 1}}]]
