[[{"name" "mariadb.query"
   "service" "mariadb"
   "resource" "SELECT 1"
   "type" "sql"
   "error" 0
   "span_id" 0
   "trace_id" 0
   "parent_id" nil
   "start" 1626232121496795700
   "duration" 738700
   "meta" {"runtime-id" "1a5d5390d899424fa102e911eab81c65"
           "out.host" "127.0.0.1"
           "db.user" "test"
           "db.name" "test"}
   "metrics" {"_dd.agent_psr" 1.0
              "_dd.measured" 1
              "_dd1.sr.eausr" 0.5
              "_sampling_priority_v1" 1
              "system.pid" 12141
              "_dd.tracer_kr" 1.0
              "sql.rows" 0
              "db.rowcount" 0
              "out.port" 3306}}]]
