[[{"name" "redis.command"
   "service" "redis"
   "resource" "GET cheese"
   "type" "redis"
   "error" 0
   "span_id" 556982384390459860
   "trace_id" 13871793770271050327
   "parent_id" nil
   "start" 1593466878286898000
   "duration" 4554000
   "meta" {"runtime-id" "ac3007d8951a48b890318b022e776e6c"
           "redis.raw_command" "GET cheese"
           "out.host" "localhost"}
   "metrics" {"_dd.measured" 1
              "_dd.agent_psr" 1.0
              "_sampling_priority_v1" 1
              "system.pid" 84132
              "out.port" 6379
              "out.redis_db" 0
              "redis.args_length" 2}}]
 [{"name" "redis.command"
   "service" "cfg-redis"
   "resource" "GET cheese"
   "type" "redis"
   "error" 0
   "span_id" 5031015206691307965
   "trace_id" 9699405012715631692
   "parent_id" nil
   "start" 1593466878291554000
   "duration" 1619000
   "meta" {"runtime-id" "ac3007d8951a48b890318b022e776e6c"
           "redis.raw_command" "GET cheese"
           "out.host" "localhost"}
   "metrics" {"_dd.measured" 1
              "_dd.agent_psr" 1.0
              "_sampling_priority_v1" 1
              "system.pid" 84132
              "out.port" 6379
              "out.redis_db" 0
              "redis.args_length" 2}}]]
