[[{"name" "django.request"
   "service" "django"
   "resource" "GET tests.contrib.django.views.SafeTemplateUserList"
   "type" "web"
   "error" 0
   "span_id" 0
   "trace_id" 0
   "parent_id" nil
   "start" 1612560776565942000
   "duration" 3147000
   "meta" {"runtime-id" "1af879a590fc4b66a4fc96a2133c8332"
           "django.response.template.0" "cached_list.html"
           "http.url" "http://testserver/safe-template/"
           "django.user.is_authenticated" "False"
           "http.status_code" "200"
           "http.method" "GET"
           "django.response.class" "django.template.response.TemplateResponse"
           "django.request.class" "django.core.handlers.wsgi.WSGIRequest"
           "django.view" "safe-template-list"
           "django.response.template.1" "auth/user_list.html"}
   "metrics" {"_dd.agent_psr" 1.0
              "_dd.measured" 1
              "_sampling_priority_v1" 1
              "_dd.tracer_kr" 1.0
              "system.pid" 96919}}
      {"name" "django.middleware"
       "service" "django"
       "resource" "django.contrib.sessions.middleware.SessionMiddleware.process_request"
       "error" 0
       "span_id" 1
       "trace_id" 0
       "parent_id" 0
       "start" 1612560776566108000
       "duration" 55000}
      {"name" "django.middleware"
       "service" "django"
       "resource" "django.middleware.common.CommonMiddleware.process_request"
       "error" 0
       "span_id" 2
       "trace_id" 0
       "parent_id" 0
       "start" 1612560776566198000
       "duration" 38000}
      {"name" "django.middleware"
       "service" "django"
       "resource" "django.contrib.auth.middleware.AuthenticationMiddleware.process_request"
       "error" 0
       "span_id" 3
       "trace_id" 0
       "parent_id" 0
       "start" 1612560776566261000
       "duration" 16000}
      {"name" "django.middleware"
       "service" "django"
       "resource" "django.contrib.auth.middleware.SessionAuthenticationMiddleware.process_request"
       "error" 0
       "span_id" 4
       "trace_id" 0
       "parent_id" 0
       "start" 1612560776566300000
       "duration" 11000}
      {"name" "django.middleware"
       "service" "django"
       "resource" "django.contrib.messages.middleware.MessageMiddleware.process_request"
       "error" 0
       "span_id" 5
       "trace_id" 0
       "parent_id" 0
       "start" 1612560776566373000
       "duration" 62000}
      {"name" "django.middleware"
       "service" "django"
       "resource" "django.middleware.security.SecurityMiddleware.process_request"
       "error" 0
       "span_id" 6
       "trace_id" 0
       "parent_id" 0
       "start" 1612560776566477000
       "duration" 16000}
      {"name" "django.middleware"
       "service" "django"
       "resource" "django.middleware.csrf.CsrfViewMiddleware.process_view"
       "error" 0
       "span_id" 7
       "trace_id" 0
       "parent_id" 0
       "start" 1612560776566594000
       "duration" 137000}
      {"name" "django.view"
       "service" "django"
       "resource" "tests.contrib.django.views.SafeTemplateUserList"
       "error" 0
       "span_id" 8
       "trace_id" 0
       "parent_id" 0
       "start" 1612560776566782000
       "duration" 449000}
          {"name" "django.view.dispatch"
           "service" "django"
           "resource" "django.views.generic.base.View.dispatch"
           "error" 0
           "span_id" 16
           "trace_id" 0
           "parent_id" 8
           "start" 1612560776566829000
           "duration" 397000}
              {"name" "django.view.get"
               "service" "django"
               "resource" "django.views.generic.list.BaseListView.get"
               "error" 0
               "span_id" 18
               "trace_id" 0
               "parent_id" 16
               "start" 1612560776566862000
               "duration" 355000}
      {"name" "django.response.render"
       "service" "django"
       "resource" "django.template.response.TemplateResponse.render"
       "error" 0
       "span_id" 9
       "trace_id" 0
       "parent_id" 0
       "start" 1612560776567265000
       "duration" 1118000}
          {"name" "django.template.render"
           "service" "django"
           "resource" "cached_list.html"
           "type" "template"
           "error" 0
           "span_id" 17
           "trace_id" 0
           "parent_id" 9
           "start" 1612560776567765000
           "duration" 557000
           "meta" {"django.template.name" "cached_list.html"
                   "django.template.engine.class" "django.template.engine.Engine"}}
              {"name" "django.cache"
               "service" "django"
               "resource" "django.core.cache.backends.locmem.get"
               "type" "cache"
               "error" 0
               "span_id" 19
               "trace_id" 0
               "parent_id" 17
               "start" 1612560776568149000
               "duration" 124000
               "meta" {"django.cache.key" "template.cache.users_list.d41d8cd98f00b204e9800998ecf8427e"
                       "django.cache.backend" "django.core.cache.backends.locmem.LocMemCache"}}
      {"name" "django.middleware"
       "service" "django"
       "resource" "django.middleware.security.SecurityMiddleware.process_response"
       "error" 0
       "span_id" 10
       "trace_id" 0
       "parent_id" 0
       "start" 1612560776568426000
       "duration" 17000}
      {"name" "django.middleware"
       "service" "django"
       "resource" "django.middleware.clickjacking.XFrameOptionsMiddleware.process_response"
       "error" 0
       "span_id" 11
       "trace_id" 0
       "parent_id" 0
       "start" 1612560776568488000
       "duration" 40000}
      {"name" "django.middleware"
       "service" "django"
       "resource" "django.contrib.messages.middleware.MessageMiddleware.process_response"
       "error" 0
       "span_id" 12
       "trace_id" 0
       "parent_id" 0
       "start" 1612560776568576000
       "duration" 29000}
      {"name" "django.middleware"
       "service" "django"
       "resource" "django.middleware.csrf.CsrfViewMiddleware.process_response"
       "error" 0
       "span_id" 13
       "trace_id" 0
       "parent_id" 0
       "start" 1612560776568637000
       "duration" 15000}
      {"name" "django.middleware"
       "service" "django"
       "resource" "django.middleware.common.CommonMiddleware.process_response"
       "error" 0
       "span_id" 14
       "trace_id" 0
       "parent_id" 0
       "start" 1612560776568675000
       "duration" 15000}
      {"name" "django.middleware"
       "service" "django"
       "resource" "django.contrib.sessions.middleware.SessionMiddleware.process_response"
       "error" 0
       "span_id" 15
       "trace_id" 0
       "parent_id" 0
       "start" 1612560776568712000
       "duration" 25000}]]
