[[{"name" "django.request"
   "service" "django"
   "resource" "GET ^partial-view/$"
   "type" "web"
   "error" 0
   "span_id" 0
   "trace_id" 0
   "parent_id" nil
   "start" 1612561069947281000
   "duration" 1942000
   "meta" {"runtime-id" "ed399477c62a49f8a3205405cacc59c9"
           "http.route" "^partial-view/$"
           "http.url" "http://testserver/partial-view/"
           "django.user.is_authenticated" "False"
           "http.status_code" "200"
           "http.method" "GET"
           "django.response.class" "django.http.response.HttpResponse"
           "django.request.class" "django.core.handlers.wsgi.WSGIRequest"
           "django.view" "partial-view"}
   "metrics" {"_dd.agent_psr" 1.0
              "_dd.measured" 1
              "_sampling_priority_v1" 1
              "_dd.tracer_kr" 1.0
              "system.pid" 97933}}
      {"name" "django.middleware"
       "service" "django"
       "resource" "django.contrib.sessions.middleware.SessionMiddleware.__call__"
       "error" 0
       "span_id" 1
       "trace_id" 0
       "parent_id" 0
       "start" 1612561069947368000
       "duration" 1673000}
          {"name" "django.middleware"
           "service" "django"
           "resource" "django.contrib.sessions.middleware.SessionMiddleware.process_request"
           "error" 0
           "span_id" 2
           "trace_id" 0
           "parent_id" 1
           "start" 1612561069947393000
           "duration" 55000}
          {"name" "django.middleware"
           "service" "django"
           "resource" "django.middleware.common.CommonMiddleware.__call__"
           "error" 0
           "span_id" 3
           "trace_id" 0
           "parent_id" 1
           "start" 1612561069947473000
           "duration" 1531000}
              {"name" "django.middleware"
               "service" "django"
               "resource" "django.middleware.common.CommonMiddleware.process_request"
               "error" 0
               "span_id" 5
               "trace_id" 0
               "parent_id" 3
               "start" 1612561069947496000
               "duration" 42000}
              {"name" "django.middleware"
               "service" "django"
               "resource" "django.middleware.csrf.CsrfViewMiddleware.__call__"
               "error" 0
               "span_id" 6
               "trace_id" 0
               "parent_id" 3
               "start" 1612561069947562000
               "duration" 1402000}
                  {"name" "django.middleware"
                   "service" "django"
                   "resource" "django.middleware.csrf.CsrfViewMiddleware.process_request"
                   "error" 0
                   "span_id" 8
                   "trace_id" 0
                   "parent_id" 6
                   "start" 1612561069947585000
                   "duration" 11000}
                  {"name" "django.middleware"
                   "service" "django"
                   "resource" "django.contrib.auth.middleware.AuthenticationMiddleware.__call__"
                   "error" 0
                   "span_id" 9
                   "trace_id" 0
                   "parent_id" 6
                   "start" 1612561069947614000
                   "duration" 1318000}
                      {"name" "django.middleware"
                       "service" "django"
                       "resource" "django.contrib.auth.middleware.AuthenticationMiddleware.process_request"
                       "error" 0
                       "span_id" 11
                       "trace_id" 0
                       "parent_id" 9
                       "start" 1612561069947635000
                       "duration" 14000}
                      {"name" "django.middleware"
                       "service" "django"
                       "resource" "django.contrib.messages.middleware.MessageMiddleware.__call__"
                       "error" 0
                       "span_id" 12
                       "trace_id" 0
                       "parent_id" 9
                       "start" 1612561069947667000
                       "duration" 1260000}
                          {"name" "django.middleware"
                           "service" "django"
                           "resource" "django.contrib.messages.middleware.MessageMiddleware.process_request"
                           "error" 0
                           "span_id" 13
                           "trace_id" 0
                           "parent_id" 12
                           "start" 1612561069947839000
                           "duration" 53000}
                          {"name" "django.middleware"
                           "service" "django"
                           "resource" "django.middleware.clickjacking.XFrameOptionsMiddleware.__call__"
                           "error" 0
                           "span_id" 14
                           "trace_id" 0
                           "parent_id" 12
                           "start" 1612561069947913000
                           "duration" 980000}
                              {"name" "django.middleware"
                               "service" "django"
                               "resource" "django.middleware.security.SecurityMiddleware.__call__"
                               "error" 0
                               "span_id" 16
                               "trace_id" 0
                               "parent_id" 14
                               "start" 1612561069947936000
                               "duration" 915000}
                                  {"name" "django.middleware"
                                   "service" "django"
                                   "resource" "django.middleware.security.SecurityMiddleware.process_request"
                                   "error" 0
                                   "span_id" 18
                                   "trace_id" 0
                                   "parent_id" 16
                                   "start" 1612561069947959000
                                   "duration" 9000}
                                  {"name" "django.middleware"
                                   "service" "django"
                                   "resource" "tests.contrib.django.middleware.ClsMiddleware.__call__"
                                   "error" 0
                                   "span_id" 19
                                   "trace_id" 0
                                   "parent_id" 16
                                   "start" 1612561069947986000
                                   "duration" 826000}
                                      {"name" "django.middleware"
                                       "service" "django"
                                       "resource" "tests.contrib.django.middleware.EverythingMiddleware"
                                       "error" 0
                                       "span_id" 21
                                       "trace_id" 0
                                       "parent_id" 19
                                       "start" 1612561069948007000
                                       "duration" 801000}
                                          {"name" "django.middleware"
                                           "service" "django"
                                           "resource" "tests.contrib.django.middleware.EverythingMiddleware.__call__"
                                           "error" 0
                                           "span_id" 22
                                           "trace_id" 0
                                           "parent_id" 21
                                           "start" 1612561069948027000
                                           "duration" 775000}
                                              {"name" "django.middleware"
                                               "service" "django"
                                               "resource" "django.middleware.csrf.CsrfViewMiddleware.process_view"
                                               "error" 0
                                               "span_id" 23
                                               "trace_id" 0
                                               "parent_id" 22
                                               "start" 1612561069948101000
                                               "duration" 13000}
                                              {"name" "django.middleware"
                                               "service" "django"
                                               "resource" "tests.contrib.django.middleware.EverythingMiddleware.process_view"
                                               "error" 0
                                               "span_id" 24
                                               "trace_id" 0
                                               "parent_id" 22
                                               "start" 1612561069948131000
                                               "duration" 9000}
                                              {"name" "django.view"
                                               "service" "django"
                                               "resource" "partial"
                                               "error" 0
                                               "span_id" 25
                                               "trace_id" 0
                                               "parent_id" 22
                                               "start" 1612561069948169000
                                               "duration" 625000}
                                  {"name" "django.middleware"
                                   "service" "django"
                                   "resource" "django.middleware.security.SecurityMiddleware.process_response"
                                   "error" 0
                                   "span_id" 20
                                   "trace_id" 0
                                   "parent_id" 16
                                   "start" 1612561069948836000
                                   "duration" 11000}
                              {"name" "django.middleware"
                               "service" "django"
                               "resource" "django.middleware.clickjacking.XFrameOptionsMiddleware.process_response"
                               "error" 0
                               "span_id" 17
                               "trace_id" 0
                               "parent_id" 14
                               "start" 1612561069948871000
                               "duration" 15000}
                          {"name" "django.middleware"
                           "service" "django"
                           "resource" "django.contrib.messages.middleware.MessageMiddleware.process_response"
                           "error" 0
                           "span_id" 15
                           "trace_id" 0
                           "parent_id" 12
                           "start" 1612561069948912000
                           "duration" 11000}
                  {"name" "django.middleware"
                   "service" "django"
                   "resource" "django.middleware.csrf.CsrfViewMiddleware.process_response"
                   "error" 0
                   "span_id" 10
                   "trace_id" 0
                   "parent_id" 6
                   "start" 1612561069948950000
                   "duration" 10000}
              {"name" "django.middleware"
               "service" "django"
               "resource" "django.middleware.common.CommonMiddleware.process_response"
               "error" 0
               "span_id" 7
               "trace_id" 0
               "parent_id" 3
               "start" 1612561069948982000
               "duration" 17000}
          {"name" "django.middleware"
           "service" "django"
           "resource" "django.contrib.sessions.middleware.SessionMiddleware.process_response"
           "error" 0
           "span_id" 4
           "trace_id" 0
           "parent_id" 1
           "start" 1612561069949022000
           "duration" 15000}]]
