[[{"name" "redis_get"
   "service" "redis_svc"
   "resource" "redis_get"
   "error" 0
   "span_id" 0
   "trace_id" 0
   "parent_id" nil
   "start" 1596062188665713920
   "duration" 3061080
   "meta" {"runtime-id" "601815e8709646a9ac897c59376c80b6"}
   "metrics" {"_dd.agent_psr" 1.0
              "_dd.tracer_kr" 1.0
              "_sampling_priority_v1" 1
              "system.pid" 76411}}
      {"name" "redis.command"
       "service" "redis"
       "resource" "GET cheese"
       "type" "redis"
       "error" 0
       "span_id" 1
       "trace_id" 0
       "parent_id" 0
       "start" 1596062188666033000
       "duration" 2694000
       "meta" {"redis.raw_command" "GET cheese"
               "out.host" "localhost"}
       "metrics" {"_dd.measured" 1
                  "out.port" 6379
                  "out.redis_db" 0
                  "redis.args_length" 2}}]]
