[[{"name" "django.request"
   "service" "django"
   "resource" "GET ^error-500/$"
   "type" "web"
   "error" 1
   "span_id" 0
   "trace_id" 0
   "parent_id" nil
   "start" 1628306011972633624
   "duration" 718996781
   "meta" {"runtime-id" "954aede99a60440596bb72401d3f5f6f"
           "http.route" "^error-500/$"
           "http.url" "http://localhost:8000/error-500/"
           "django.user.is_authenticated" "False"
           "http.status_code" "500"
           "http.method" "GET"
           "http.version" "1.1"
           "django.response.class" "django.http.response.HttpResponseServerError"
           "django.request.class" "django.core.handlers.asgi.ASGIRequest"
           "django.view" "error-500"
           "asgi.version" "3.0"}
   "metrics" {"_dd.agent_psr" 1.0
              "_dd.measured" 1
              "_sampling_priority_v1" 1
              "system.pid" 682
              "_dd.tracer_kr" 1.0}}
      {"name" "django.middleware"
       "service" "django"
       "resource" "django.contrib.sessions.middleware.SessionMiddleware.__call__"
       "error" 0
       "span_id" 1
       "trace_id" 0
       "parent_id" 0
       "start" 1628306011973183359
       "duration" 715813654}
          {"name" "django.middleware"
           "service" "django"
           "resource" "django.contrib.sessions.middleware.SessionMiddleware.process_request"
           "error" 0
           "span_id" 2
           "trace_id" 0
           "parent_id" 1
           "start" 1628306011973211261
           "duration" 47690}
          {"name" "django.middleware"
           "service" "django"
           "resource" "django.middleware.common.CommonMiddleware.__call__"
           "error" 0
           "span_id" 3
           "trace_id" 0
           "parent_id" 1
           "start" 1628306011973280532
           "duration" 715669432}
              {"name" "django.middleware"
               "service" "django"
               "resource" "django.middleware.common.CommonMiddleware.process_request"
               "error" 0
               "span_id" 5
               "trace_id" 0
               "parent_id" 3
               "start" 1628306011973303039
               "duration" 42751}
              {"name" "django.middleware"
               "service" "django"
               "resource" "django.middleware.csrf.CsrfViewMiddleware.__call__"
               "error" 0
               "span_id" 6
               "trace_id" 0
               "parent_id" 3
               "start" 1628306011973365994
               "duration" 715536810}
                  {"name" "django.middleware"
                   "service" "django"
                   "resource" "django.middleware.csrf.CsrfViewMiddleware.process_request"
                   "error" 0
                   "span_id" 8
                   "trace_id" 0
                   "parent_id" 6
                   "start" 1628306011973387643
                   "duration" 11889}
                  {"name" "django.middleware"
                   "service" "django"
                   "resource" "django.contrib.auth.middleware.AuthenticationMiddleware.__call__"
                   "error" 0
                   "span_id" 9
                   "trace_id" 0
                   "parent_id" 6
                   "start" 1628306011973416902
                   "duration" 715450419}
                      {"name" "django.middleware"
                       "service" "django"
                       "resource" "django.contrib.auth.middleware.AuthenticationMiddleware.process_request"
                       "error" 0
                       "span_id" 11
                       "trace_id" 0
                       "parent_id" 9
                       "start" 1628306011973439958
                       "duration" 13674}
                      {"name" "django.middleware"
                       "service" "django"
                       "resource" "django.contrib.messages.middleware.MessageMiddleware.__call__"
                       "error" 0
                       "span_id" 12
                       "trace_id" 0
                       "parent_id" 9
                       "start" 1628306011973470848
                       "duration" 715389353}
                          {"name" "django.middleware"
                           "service" "django"
                           "resource" "django.contrib.messages.middleware.MessageMiddleware.process_request"
                           "error" 0
                           "span_id" 13
                           "trace_id" 0
                           "parent_id" 12
                           "start" 1628306011973490815
                           "duration" 65886}
                          {"name" "django.middleware"
                           "service" "django"
                           "resource" "django.middleware.clickjacking.XFrameOptionsMiddleware.__call__"
                           "error" 0
                           "span_id" 14
                           "trace_id" 0
                           "parent_id" 12
                           "start" 1628306011973574972
                           "duration" 715246545}
                              {"name" "django.middleware"
                               "service" "django"
                               "resource" "django.middleware.security.SecurityMiddleware.__call__"
                               "error" 0
                               "span_id" 16
                               "trace_id" 0
                               "parent_id" 14
                               "start" 1628306011973599474
                               "duration" 715177477}
                                  {"name" "django.middleware"
                                   "service" "django"
                                   "resource" "django.middleware.security.SecurityMiddleware.process_request"
                                   "error" 0
                                   "span_id" 18
                                   "trace_id" 0
                                   "parent_id" 16
                                   "start" 1628306011973621892
                                   "duration" 9829}
                                  {"name" "django.middleware"
                                   "service" "django"
                                   "resource" "tests.contrib.django.middleware.ClsMiddleware.__call__"
                                   "error" 0
                                   "span_id" 19
                                   "trace_id" 0
                                   "parent_id" 16
                                   "start" 1628306011973648367
                                   "duration" 715051343}
                                      {"name" "django.middleware"
                                       "service" "django"
                                       "resource" "tests.contrib.django.middleware.EverythingMiddleware"
                                       "error" 0
                                       "span_id" 21
                                       "trace_id" 0
                                       "parent_id" 19
                                       "start" 1628306011973692672
                                       "duration" 714999380}
                                          {"name" "django.middleware"
                                           "service" "django"
                                           "resource" "tests.contrib.django.middleware.EverythingMiddleware.__call__"
                                           "error" 0
                                           "span_id" 22
                                           "trace_id" 0
                                           "parent_id" 21
                                           "start" 1628306011973717989
                                           "duration" 714948135}
                                              {"name" "django.middleware"
                                               "service" "django"
                                               "resource" "django.middleware.csrf.CsrfViewMiddleware.process_view"
                                               "error" 0
                                               "span_id" 23
                                               "trace_id" 0
                                               "parent_id" 22
                                               "start" 1628306011975081533
                                               "duration" 18602}
                                              {"name" "django.middleware"
                                               "service" "django"
                                               "resource" "tests.contrib.django.middleware.EverythingMiddleware.process_view"
                                               "error" 0
                                               "span_id" 24
                                               "trace_id" 0
                                               "parent_id" 22
                                               "start" 1628306011975258584
                                               "duration" 12500}
                                              {"name" "django.view"
                                               "service" "django"
                                               "resource" "tests.contrib.django.views.error_500"
                                               "error" 1
                                               "span_id" 25
                                               "trace_id" 0
                                               "parent_id" 22
                                               "start" 1628306011975569560
                                               "duration" 1832072
                                               "meta" {"error.msg" "Error 500"
                                                       "error.type" "builtins.Exception"
                                                       "error.stack" "Traceback (most recent call last):\n  File \"/root/project/ddtrace/contrib/django/patch.py\", line 211, in wrapped\n    return func(*args, **kwargs)\n  File \"./tests/contrib/django/views.py\", line 64, in error_500\n    raise Exception(\"Error 500\")\nException: Error 500\n"}}
                                              {"name" "django.middleware"
                                               "service" "django"
                                               "resource" "tests.contrib.django.middleware.EverythingMiddleware.process_exception"
                                               "error" 0
                                               "span_id" 26
                                               "trace_id" 0
                                               "parent_id" 22
                                               "start" 1628306011978090783
                                               "duration" 16658}
                                              {"name" "django.middleware"
                                               "service" "django"
                                               "resource" "django.middleware.csrf.CsrfViewMiddleware.process_request"
                                               "error" 0
                                               "span_id" 27
                                               "trace_id" 0
                                               "parent_id" 22
                                               "start" 1628306011978584038
                                               "duration" 18408}
                                              {"name" "django.middleware"
                                               "service" "django"
                                               "resource" "django.middleware.csrf.CsrfViewMiddleware.process_view"
                                               "error" 0
                                               "span_id" 28
                                               "trace_id" 0
                                               "parent_id" 22
                                               "start" 1628306011978624694
                                               "duration" 10315}
                                              {"name" "django.middleware"
                                               "service" "django"
                                               "resource" "django.middleware.csrf.CsrfViewMiddleware.process_response"
                                               "error" 0
                                               "span_id" 29
                                               "trace_id" 0
                                               "parent_id" 22
                                               "start" 1628306012017640459
                                               "duration" 32136}
                                              {"name" "django.template.render"
                                               "service" "django"
                                               "resource" "django.template.base.Template.render"
                                               "type" "template"
                                               "error" 0
                                               "span_id" 30
                                               "trace_id" 0
                                               "parent_id" 22
                                               "start" 1628306012046240557
                                               "duration" 610992824
                                               "meta" {"django.template.engine.class" "django.template.engine.Engine"}}
                                  {"name" "django.middleware"
                                   "service" "django"
                                   "resource" "django.middleware.security.SecurityMiddleware.process_response"
                                   "error" 0
                                   "span_id" 20
                                   "trace_id" 0
                                   "parent_id" 16
                                   "start" 1628306012688734324
                                   "duration" 34116}
                              {"name" "django.middleware"
                               "service" "django"
                               "resource" "django.middleware.clickjacking.XFrameOptionsMiddleware.process_response"
                               "error" 0
                               "span_id" 17
                               "trace_id" 0
                               "parent_id" 14
                               "start" 1628306012688796736
                               "duration" 16563}
                          {"name" "django.middleware"
                           "service" "django"
                           "resource" "django.contrib.messages.middleware.MessageMiddleware.process_response"
                           "error" 0
                           "span_id" 15
                           "trace_id" 0
                           "parent_id" 12
                           "start" 1628306012688839674
                           "duration" 13418}
                  {"name" "django.middleware"
                   "service" "django"
                   "resource" "django.middleware.csrf.CsrfViewMiddleware.process_response"
                   "error" 0
                   "span_id" 10
                   "trace_id" 0
                   "parent_id" 6
                   "start" 1628306012688885542
                   "duration" 10103}
              {"name" "django.middleware"
               "service" "django"
               "resource" "django.middleware.common.CommonMiddleware.process_response"
               "error" 0
               "span_id" 7
               "trace_id" 0
               "parent_id" 3
               "start" 1628306012688925430
               "duration" 17076}
          {"name" "django.middleware"
           "service" "django"
           "resource" "django.contrib.sessions.middleware.SessionMiddleware.process_response"
           "error" 0
           "span_id" 4
           "trace_id" 0
           "parent_id" 1
           "start" 1628306012688967499
           "duration" 21823}]]
