([{"resource" "GET cheese",
   "error" 0,
   "span_id" 7285080830338137003,
   "name" "redis.command",
   "trace_id" 16126991484819892776,
   "start" 1593201751358440000,
   "duration" 2230000,
   "type" "redis",
   "meta"
   {"runtime-id" "772284f9cc4b42f088e39efc1516aef7",
    "redis.raw_command" "GET cheese",
    "out.host" "localhost"},
   "parent_id" nil,
   "service" "redis",
   "metrics"
   {"_dd.agent_psr" 1.0,
    "system.pid" 31952,
    "_dd.measured" 1,
    "out.port" 6379,
    "out.redis_db" 0,
    "redis.args_length" 2,
    "_sampling_priority_v1" 1}}])
