[[{"name" "elasticsearch.query"
   "service" "elasticsearch"
   "resource" "PUT /ddtrace_index"
   "type" "elasticsearch"
   "error" 0
   "span_id" 0
   "trace_id" 0
   "parent_id" nil
   "start" 1615404342493231000
   "duration" 44487000
   "meta" {"runtime-id" "33c55b5f693d44d481205163652f4a4c"
           "elasticsearch.method" "PUT"
           "elasticsearch.url" "/ddtrace_index"
           "elasticsearch.params" "ignore=400"}
   "metrics" {"_dd.agent_psr" 1.0
              "_dd.measured" 1
              "_sampling_priority_v1" 1
              "system.pid" 51898
              "_dd.tracer_kr" 1.0}}]
 [{"name" "elasticsearch.query"
   "service" "elasticsearch"
   "resource" "DELETE /ddtrace_index"
   "type" "elasticsearch"
   "error" 0
   "span_id" 0
   "trace_id" 1
   "parent_id" nil
   "start" 1615404342538001000
   "duration" 39621000
   "meta" {"runtime-id" "33c55b5f693d44d481205163652f4a4c"
           "elasticsearch.method" "DELETE"
           "elasticsearch.url" "/ddtrace_index"
           "elasticsearch.params" "ignore=%5B400%2C+404%5D"}
   "metrics" {"_dd.agent_psr" 1.0
              "_dd.measured" 1
              "_sampling_priority_v1" 1
              "system.pid" 51898
              "_dd.tracer_kr" 1.0}}]]
