[[{"name" "redis.command"
   "service" "redis"
   "resource" "GET cheese"
   "type" "redis"
   "error" 0
   "span_id" 0
   "trace_id" 0
   "parent_id" nil
   "start" 1600443665674164000
   "duration" 2844000
   "meta" {"runtime-id" "81d7379fb04f420c9b55d9ee93ca4ea4"
           "redis.raw_command" "GET cheese"
           "out.host" "localhost"}
   "metrics" {"_dd.agent_psr" 1.0
              "_dd.measured" 1
              "_dd1.sr.eausr" 1.0
              "_dd.tracer_kr" 1.0
              "_sampling_priority_v1" 1
              "system.pid" 48090
              "out.port" 6379
              "out.redis_db" 0
              "redis.args_length" 2}}]]
