[[{"name" "redis.command"
   "service" "redis"
   "resource" "SET blah 32\nRPUSH foo éé\nHGETALL xxx"
   "type" "redis"
   "error" 0
   "span_id" 0
   "trace_id" 0
   "parent_id" nil
   "start" 1596062188760912000
   "duration" 2946000
   "meta" {"runtime-id" "601815e8709646a9ac897c59376c80b6"
           "redis.raw_command" "SET blah 32\nRPUSH foo éé\nHGETALL xxx"
           "out.host" "localhost"}
   "metrics" {"_dd.agent_psr" 1.0
              "_dd.measured" 1
              "_sampling_priority_v1" 1
              "system.pid" 76411
              "out.port" 6379
              "out.redis_db" 0
              "redis.pipeline_length" 3}}]]
